LTspice 26.0.1 for Windows
Circuit: C:\Users\Predrag\Documents\GitHub\FSNS-APPS-2025\signal-models\apps.net
Start Time: Sat Jan  3 10:42:18 2026
solver = Normal
Maximum thread count: 4
tnom = 27
temp = 27
method = trap
MinDeltaGmin = 1e-06
Instance "u1:M12": Length shorter than recommended for a level 1 MOSFET.
Instance "u1:M14": Length shorter than recommended for a level 1 MOSFET.
Direct Newton iteration failed to find operating point.
Starting Gmin stepping
Gmin stepping failed to find operating point. Use".option gminsteps=0" to skip all Gmin stepping.
Starting source stepping with srcstepmethod=0
Starting source stepping with srcstepmethod=1
Source stepping failed to find operating point. Use ".options srcsteps=0" to skip all source stepping.
Starting Gmin stepping level 2
Gmin stepping level 2 succeeded in finding the operating point.

Total elapsed time: 0.306 seconds.

Files loaded:
C:\Users\Predrag\Documents\GitHub\FSNS-APPS-2025\signal-models\apps.net
C:\Users\Predrag\Documents\GitHub\FSNS-APPS-2025\signal-models\MCP6001.txt

